Using the default profile...
# language: pt
Funcionalidade: Definição de senha de usuários pré-cadastrados
  Como um Participante (Aluno/Professor)
  Eu quero definir minha senha de acesso
  A fim de efetivar meu cadastro para acessar o sistema CAMAAR

  Cenário: Definição de senha com sucesso (Caminho Feliz)           # features/definicao_senha.feature:8
    Dado que eu sou um usuário pré-cadastrado via importação        # features/step_definitions/steps.rb:49
    E eu acesso o link recebido por email para "Definição de Senha" # features/step_definitions/steps.rb:53
    Quando eu preencho o campo "Nova Senha" com "SenhaSegura123"    # features/step_definitions/steps.rb:57
    E eu preencho o campo "Confirmar Senha" com "SenhaSegura123"    # features/step_definitions/steps.rb:57
    E clico no botão "Salvar e Efetivar Cadastro"                   # features/step_definitions/steps.rb:61
    Então o meu cadastro de usuário é ativado no sistema CAMAAR     # features/step_definitions/steps.rb:65
    E eu sou redirecionado para a tela de Login                     # features/step_definitions/steps.rb:70
    E o sistema exibe a mensagem "Cadastro ativado com sucesso"     # features/step_definitions/steps.rb:30
      expected to find text "Cadastro ativado com sucesso" in "Email Senha" (RSpec::Expectations::ExpectationNotMetError)
      ./features/step_definitions/steps.rb:31:in `"o sistema exibe a mensagem {string}"'
      features/definicao_senha.feature:16:in `o sistema exibe a mensagem "Cadastro ativado com sucesso"'

Failing Scenarios:
cucumber features/definicao_senha.feature:8 # Cenário: Definição de senha com sucesso (Caminho Feliz)

1 scenario (1 failed)
8 steps (1 failed, 7 passed)
0m0.124s
